...............                                                          [100%]
15 passed in 3.73s
